{
  "amountReceived": 80.71,
  "amountToReceive": 403.55,
  "titlesReceived": 1,
  "titlesToReceive": 5
}