{
  "allResultsSize": 5,
  "results": [
    {
      "amount": 80.71,
      "balance": 80.71,
      "dailyInterest": 0.30,
      "digitable": "03399000373350000000601245901010590080000008071",
      "dueDate": "2022-06-16",
      "id": 24,
      "inclusionDate": "2022-05-22T00:00:00",
      "liquidated": false,
      "nfNumber": "NF-2341252",
      "paymentType": "BOLETO"
    },
    {
      "amount": 80.71,
      "balance": 80.71,
      "dailyInterest": 0.30,
      "digitable": "03399000373350000000601245901010590080000008071",
      "dueDate": "2022-06-16",
      "id": 25,
      "inclusionDate": "2022-05-22T00:00:00",
      "liquidated": false,
      "nfNumber": "NF-2341252",
      "paymentType": "BOLETO"
    },
    {
      "amount": 80.71,
      "balance": 80.71,
      "dailyInterest": 0.30,
      "digitable": "03399000373350000000601245901010590080000008071",
      "dueDate": "2022-06-22",
      "id": 27,
      "inclusionDate": "2022-05-22T00:00:00",
      "liquidated": false,
      "nfNumber": "NF-2341252",
      "paymentType": "BOLETO"
    },
    {
      "amount": 80.71,
      "balance": 80.71,
      "dailyInterest": 0.30,
      "dueDate": "2022-06-22",
      "id": 28,
      "inclusionDate": "2022-05-22T00:00:00",
      "liquidated": false,
      "nfNumber": "NF-2341251",
      "paymentType": "PIX",
      "pixKey": "email@gmail.com"
    },
    {
      "amount": 80.71,
      "balance": 80.71,
      "dailyInterest": 0.30,
      "digitable": "03399000373350000000601245901010590080000008071",
      "dueDate": "2022-07-12",
      "id": 32,
      "inclusionDate": "2022-06-22T00:00:00",
      "liquidated": false,
      "nfNumber": "NF-2341251",
      "paymentType": "BOLETO"
    }
  ]
}