{
  "receiptImage": "iVBORw0KGgoAAAANSUhEUgAAAUAAAAK8CAIAAAARSvECAAA11UlEQVR4Xu2db8itaVX/94ya1gSa1asw/AOB+sqyoKnJkSJ/pCAFlaMQ1O+VmGYp5YCCMglBRX8UtUxnKrQywaDeVBRREZNBqb9KzKYETadgpsJJzZlx/+6z1/OsZ93ru9a6r/3svZ+z1z7fzwu51metdd33vu9r+ZyZ2eec1ZoQ0paVF4SQPnCACWkMB5iQxnCACWkMB5iQxnCACWkMB5iQxnCACWkMB5iQxnCACWkMB5iQxnCACWkMB/jU+NCHPvR3f/d33pIThQN8Utx3331f+ZVfecstt0wLnyOnCAf4dHj00Ud/+7d/e7VhWkyhryAnBwf4RPif//mfV7/61V/2ZV8mAzwtpnCSvo6cFhzgU+BLX/rSnXfeKaNred3rXjelfDU5ITjAp8AnPvGJJz3pSdPEvvjFL/5/G6bFFD7xiU+cUr6anBAc4FPgN37jN+RH7sc//nEx00LMlJrXkpOCA3wK/MIv/IKM64MPPijms5/97NOf/vTJvOc975nXkpOCA3wKfPCDH7zpppumcX3b2972yCOPiLz33nvf+c53fuELX5jXkpOCA3wKfO5zn3v+858vP4Rf+MIX3nHHHe9973sfeughX0dODg7wifDhD3/4G77hG2SGhWmk/+3f/s3XkdOCA3w6/Mu//MtrX/va7/7u737GM54hM/yyl73s4Ycf9nXkhOAAnwKPPvro9BP4M5/5zLT+4he/+OCDD7785S9fbb7O8fd///e+mpwQHOBT4I/+6I+mWb311ls///nPi5mGWX4Iv/3tb5/XkpOCA3wKvOMd75BxlR/CazPAb3vb2+a15KTgAJ8C//AP//DYxz52GtfpV84PbXjFK14xhZOcUr6anBAc4FPgkUce+aEf+iH5kfvEDbKepP5nYXKScIBPhE9+8pPf9V3fJXMrfOd3fuenPvUpX0dOCw5wD770pS8t/iydfuX80z/90zK9d91112c/+1lfMWfakL9XqTsc4B68853vfOUrX7n4vcgPfehDj9uw+KfqTFtNG07b+gRpBQe4AQ8//PC3fMu33HTTTW95y1t8bs70E/V973vf7/zO7yz+cRxvfetbpw2/+Zu/md/0aA0HuAGf//zn5RfGX/M1X/O3f/u3Pr0908/naSvZ83Of+5xPkz5wgBsw/XL35ptvlnl71rOe9ed//uf4A/Y//uM/fvd3f/fHf/zH/8+GaTGFk3RlU+PUPm0iu03bLv6ynBwzHOAGPPLII9NMysgJz3nOc+68884PfOADf/AHf3DPPfd8//d/v064ZZJTaiqYyqbiqWVqtAUveMELFv/dGDlmOMA9mP6R1Q7evlj8h2py5HCAe/Df//3fz3ve8/z8GZ7whCd827d925ve9Kbf+73fm37YvvGNb5zCSfo6w7ThtK2/EmkFB/hI+d///d9PfOIT995771/91V996lOfmv7Z9f7773/Vq1719V//9W4Op18nv+xlL/ubv/kb9++Tp18bT3JK4a+un/KUp0xbTRtO206bT5eYLvSv//qv00XtDuT44QAfHdNPxXe84x3f/u3frn/I81d91Ve96EUv+rVf+7Vpxv793//993//95/73OdKahrON7/5zV/84hf9LudMqalAZ/ibvumbpvZpk2mrd73rXdO2T37ykyU1XW666HTp//qv//K7kGOFA3xcfPzjH7/ttttkopBp2J5/+/Pf8IbXP/vZzxbzPd/zPYv/IXcqmMqkfmp8wxvecPvtt+vcItMN/NM//ZPfhRwlHOAjYvoV7PQz0M9TyTSNfpeI17/+9b6z5NZbb+Uvp1vAAT4i/vmf/9lP0hJ33nmn3yUi/HsbavSPmCbHDAf4iJh+rTv94tZP0jk33XTTM5/5zK/4ilusfM1rXuN3iZjKbNctt9wybSV/Em3I8573vOKfq8nxwAE+Lu6///477rjjy7/8y91EPe1pT7v77runofrJn/xJ65/+9Kcv/qegqUD+kHdl2mTa6t3vfve0rfUT06WnG5huw+9CjhIO8NHx6KOPfuQjH/nFX/zF6de9L3/5y6d/yn3Pe97zwAMPSPZ1r3udG7mprPj3WFMKf/38Uz/1U5Kdtn3ve987XWK60FQ2XfTDH/4wfk+THC0c4Gbgv466+eabp6kO/53TJKexxP8OPG3iS0lPOMDN+Pmf/3k3jcJdd93lfnf+FL75zW/2dRumTWwl6QsHuBn6FxFO3H777ffcc8/3fu/3rjZ/FNbHPvYxWzmF8odjTQW//uu/br+Jyb+y8GTgADfjox/9qH5D68/+7M8mc99990k4/ROsrfylX/ol8VPBFE7FEk7t//iP/2grSV84wM14+OGH9ataP/MzP/Poo4/+5m/+poQ/8AM/oL+KnhZTKH76eTuVTcUSTu3Fv/QiveAA9+O3fuu39D/h2n9B9a3f+q36NzN84QtfuPXWWzWlZVPj1D7fjzSGA9yPaThf/OIX63AqX/u1X6u/D2FaTKGvWK2mRv4RHKcEB7gln/70p7/xG7/RDecTnvCEBx98UAqmBf5m4Oc85zn8C0dPDA5wV/76r//azeeTn/xk+xP4q7/6q13BvffeO9+DtIcD3Jjv+I7vsPM5/UzWP2JyWrgf0bfddtu8m5wCHODGyN9gpnzf932ffgtyWkyhzf7oj/7ovJucAhzgxtxxxx12RN0XJN2XLqdimyWnAQe4Kw899JD911Q333zz9E/FtuCDH/yg/Y9Mj3/846cWW0BOAA5wV+655x4dzsc85jG//Mu/jN+Ffstb3jKltGxqsQXkBOAAd+VH/u+P6GT+2I/9WPjns0/yVa96lZb98A//sK8gzeEAd0X/fNmnPvWp+FeoKFNqKpDKpzzlKT5NmsMBbsn0y2P5nUYTL33pS9ebf+3sfiO+/pk4U4FUTi38C4FPDA5wV/Sbkj/4gz84ha997Wtf+MIXfvSjH5Xs3Xfffdttt/3hH/7htH7JS14ilVOL3YGcABzgruh/Q3ra0572wAMPfOADH5jMK17xivXmD8F69rOf/RM/8RP33XfflNI/+Ir/Jen04AB35e1vf7uM5cQb3/jG6dfG0y+hf/VXf3Va3H///e9///vXm19pv+lNb9KyqcXvQprDAe7Kf/7nf+qP1sc85rE/+7M/O/1Dr/39wFP4cz/3c4973OOk5qlPferUMt+DtIcD3Jg/+ZM/sX8A7a233jr9BP7jDb/yK79ifz/wVPanf/qnvp/0hwPcm7/8y7/E31fomAr+4i/+wneSk4AD3J4HHnjgrrvu+rqv+zo/uKvVJKeU/pnS5PTgAJ8In/nMZ+6+++6XvOQlt2+YFlP46U9/2teR04IDfGo8ssFbcqJwgAlpDAeYkMZwgAlpDAeYkMZwgAlpDAeYkMZwgAlpDAeYkMZwgGNWq+DJqMSF4oyE9uuNYYuVYQEaS5h1Un2YRYk1VtqtBOsvGpInINgaZ5zHFBH4XGLw0FiDC8WarAxDNOE6kxhiF9a4cCuD+wthVxE6k60xJAIfSkx4ENXgQglTuBWuQ+nWmQzrQxmSteBVwkqL+OLSdWgNpgjCZxTjDmIY2oWCJ7gOs63CfZSw2K1DGVK0uFRYacHbLm4VQ2swRRA+o5jwvOLZwkO22hBKxaXcwoZOKvP9gka7wLXrKlpcyoYOWxYuRkJncH/i4HOJsefPrrOFIsZ5LBPqsqxrnaeyHbA+S6FfbUApC4f1ss72D8PQCJm/weFDiRk8vniqwhSWCbK5xWVtaMlSfrvoZpzxDdCSSVk4rJe1q6zD0AiZv8HhQ4kJjwseXyzDE+ykpT7NWdc6TxU7ZKlB72SYXYNfbXDGhs5kawyJwIcSEx4XPL5yQBWbspVOCosyLBDC1KLU+1RZtBQpWThcgS1zxoYqsdJ6TBGBz4WQxnCACWkMB5iQxnCACWkMB5iQxnCACWkMB5iQxnCACWkMB5iQxnCACWkMB5iQxvgBtt8+tV9AzbzLorFgVs1iKvRYJoTFhLRj8ST7RDYhmS/WI+YS22brUIYFhPSiOMY+kU3UoEdTh9ZgSkBftIwYQnpRnGGfyOZt0KOpQ2swJaAvWgqDKUJaUBxdn1jNGfG6Dk0dWoMpAX3RUhhMEdKC4uj6RFaaDS3W1xNb1GNKQF+0jBhCelGcYZ/ISrM5xPqsMgytwZSAvmgZMYT0ojjDPpGVFnOYrUfMJbbN1qHM1oQ0oji6PpGVonezIZj8RcqrpfowFXqVLoVGpA0JOX4uDjec57MCLwghfeAAE9IYDjAhjeEAE9IYDjAhjeEAE9IYDjAhjeEAE9IYDjAhjeEAE9IYDjAhjfHfFkZCH9bbfXSN0rVfVEDjYgEhh2Dx4EkBYit9Lj+6mJ33VZPlYwG3s6GSlbmrOlOXuRCNDQk5BPXBK1I2HD+r9eVsiHv6WMj6HVlZeEN4E7KwleE6lIQciPrg4QnEox76jLB+fE8fC1m/IyuTRR2iz9ahLAwhu1AcvPCwORm2F4T143v6WMB+R+htvf5vFtaLRVkYQnYhO3jZSXPetjtsmaLeFmSNuImPBVeHbUK2ta7t5YuFrsNU4QnZL/XBC49f3YKszpG1S7mFA72PhWxfR1ZmF6F0C127Rgu2ELJ3/LGDg6cLxZmiEpldaYP6eeEZ6H0suDpsE7KysB6z2F6kQh8aQi7NyMHLalw4cjK37UXvYwH3dYRlatBbiQsNF9ulRlFPyO6EZyk8ZjbMUuacnmHLpMAZlWFqHXkfE0IawQEmpDEcYEIawwEmpDEcYEIawwEmpDEcYEIawwEmpDEcYEIawwEmpDEcYEIawwHeieybrpmXlC1wWZvCrJqsZl9e2SWruBrtUkwt2Q4+u8tjT549iG6tNWgwayVmxWTXtalQyjqrsaEjTGWXQC6xORmEz25vhIPhwiIVmqJXGbmuZVu/jlJoMqQyq888GYSPb2+MDFKRCk3Rq4xc17KtX0cpMatznMcQdxAyTwbh49sP7hDbgztyvjNT9KIsemu5zr2AWfu53PqiyIS4QybJVvAJ7gE8iHKmxReHeNEUvSjrMDRC5hUsWLyWk4sF5HLwCe7K4ikshnDR7KU3DJXMW7BmZPMV4LI2JJeDD3EnwlNoZbbOjJVFb9i4TnoxVDLvCMvstbLrKujRkEvAh3h55OBaMGWNriW0ZCk1WYEQpkJpU95GE1UUhN7VKNhrQ3Jp+ByviF2O7C695LThySCkMRxgQhrDASakMRxgQhrDASakMRxgQhrDASakMRxgQhrDASakMRxgQhrDASakMRxgQhrDASakMRxgQhrDASakMaMDbH/rNtdcc30160WGigghxwkHmJDGcIAJaQwHmJDGcIAJaQwHmJDGcIAJaQwHmJDGcIAJaQwHmJDGcIAJaQwHmOyfwe/xkt3hgyZ7htN7lfBZE9IYDvAM/Z1c4e/nCqX6MIsSa6y0WwnWXzSct8xKz7E1zjhMky9zKZcNC1bnt7SYdfu4hcO2Ewcfygx3SjDEY4Q1LtzK4P5C2FWEzmBWKDbJWpBik8XQGkw5GRbc4PCJzChOW3jO6iOVteBVwkqL+OLSdRiaUC7eCVJfug6tKVKFucHh45hRnLbwnNXnqWhxqbDS4srcejEMTSgX7wSpL12H1hSpwtzg8HHMWM1xKbfAtesqWlzKhg5bFi5GwtCE0u7vmBde4FJbhdYUqcLc4PBxzMjOR3YKsT5LoV9tQCkLh/WyzvYPw9CEcvFOkPrSdWhNkSrMDQ4fx4zsfKwA9fPC2XF0hAUoZeGwXtausg5DE8rFO0HqS9ehNUWqMDc4fBwzsvNRnMIsNeidDLNr8KsNztjQGcwKxSZZC1JsEobuKhqGV7zcLd048InMCI/IopRTOHgWi5QsHK7AljljQ5VYadECLHMpl7W4VB2KCbdd9GqIwodCSGM4wIQ0hgNMSGM4wIQ0hgNMSGM4wIQ0hgNMSGM4wIQ0hgNMSGM4wIQ0hgNMSGM4wA0Ivwys0qWKslDalC4soSRHAt/NsWPnJ1vbcNsaix3mzJCjgu/mqMHhyYYQPfYqWQrHFQ05Kvhujhocnmw+0WOvkqXEux2yYnIM8N0cNTg8drosYYGVtkxD9LbRheQI4bs5anB43HQV68Feiy1YLCbHAN/NUYPDk80V+vFehQPcDr6bY8fOT7a24bY1ltCHkhwJfDcNkJ+H2TQ6g2XYbqVN6cISSnIk8N0Q0hgOMCGN4QAT0hgOMCGN4QAT0hgOMCGN4QAT0hgOMCGN4QAT0hgOMCGN4QAT0hg/wPabsWpcuFjjpLYo80JyReDDxzDEVvpc9DbrglCqD7MoscZKu5Vg/UXDecus9Bxb44zzmBKct/UKetsiZH7CWyy1YbHGLjXZtckVE76mcF2EI28z69UQN8EaF25lcH8h7CpCZ7I1hoVcg69DMSgFb6UuvFHcwqbwJopGcvWEryOUoSkqkazXrkMZkrXgVcJKi/ji0nVoDaaQrGb8KnaNZdekj/NPiP0uVYdI5skhCF8Hvm7FybA9I+u161CGFC0uFVZaXJlbL4bWYArJasavYtdYdk36GKpxobhUETpsGbkawsduX4fDedvusGVhjUu5Ba5dV9HiUjZ02LJwMRI6g/s7Bj2WuaugVLzCzqIfU/bD4IJcL9wrcK8mfEF1S01WM75nlkK/2oBSFg7rZZ3tH4ahEUIfyjV4LMs+SFDp4/wTBs2QWm1AKQtyvZD3YlHvFoozRSWS1dgbENTPC/2JsoQFKGXhsF7WrrIOQyOEPpRr8FhmP4hjXlgOsITWjKxRhtl17snewdeKPqtx4chby2qyPd3ahoPeyTC7Br/a4IwNncnWGBZyDb4Ii9SZ8TE0hAalDZ3UFsUVkIMSPmeRLmXDLGVe4xm2TGu8GpC4Z9FSpGThcAW2zBkbqsRK6zEl2AJb4+oHy0IZVBBCusABJqQxHGBCGsMBJqQxHGBCGsMBJqQxHGBCGsMBJqQxHGBCGsMBJqQxHGBCGhMPcPi1TMuil5Rdu4KiXotdjasnHXHvVM2BvJXWuwIXWsKUym09Gky5bObPsl7M50TXuGnoLWGNlYN7Zp50ZPC9D9aE3oaLZwbvxxLe0uC1Mh8aK8OLyhobIYYKYfzmhMGC8F63vRbpQvHSXZh5x2J91ijg/Vh2uc/MhyEaLBDQQwwVQnaBxfq6wGazFvTZnuSYCV/f4rsOQ2WxfjUnq7FesX6wd9GHIRosENBDDBXCtU9vGPFu4cACu7CIDCtJI8LX516lS+EZsGDvYr1N6TqsdzILt/VhiAYLUunjqGi9pbcyLFhHNdmHVzJPjh983bi2YeYzU4dKuH9YXG8Y7jPiwxDNYoHibVq3jV98OuuoJvvwSubJ8bMC1Luy2ochGiwQ7P6OsCwzGm7rwxBNHVqChK3ObkgJfXH5bMPVhjClLBaQFuCrR5/VuHUmsz1HekNj5ci1Ch8aK7N9QuKcfFTbme2CHo3IekObDXdY55+Q9CJ89fYAFN7KIqWy8ArW21DJ9tnKW2m9S4XSpc4KXLw7eI19cbidCWlKj5EI/7+HEMKpIKQxHGBCGsMBJqQxHGBCGsMBJqQxHGBCGsMBJqQxHGBCGsMBJqQxfoD1C0/45ScbStbWWKNoPSFHRXFEzfn153/cW2m9S+3iz7I+HhjgzIchIUcLntXsMNtxsDVFvfVKUR/2ZvUXxsfzXcK9cBdLnSXkeFg8q9mZzxqzeiXbJ/MO9BDPd7QN2cUcg7dCyHVn8XBmZz5rtPUWLHBh5h3oIYYdcSFrRaWmipCQ4yE7nHi2behSapxUXEqLUeLaGifPUj5OxtUZC17MhoQcLYtn1U2BTlHWuOiLYbnc/hBHV9pq06yMkGNj8axmBZf2g8My7iHOr1SkxkNCjgc8nNnptT5b29DVhN6G2Z5Z/YXxcbSjhHhPTmqqCAk5BuwBxhNbeyutd6lLeyutx9S1rBeEkD5wgAlpDAeYkMZwgAlpDAeYkMZwgAlpDAeYkMZwgAlpzN4GOPsPzYSQw7GfkdPR5QwTcpVw3ghpTDzA2a+Hz7+SOctaaVN2rcaFriYssIaQGwqcEUecCHtwukKv4CY2DNdYn21OyI1DMQVBIhynaoskJT7cpG5x66yYkBuEYgSCRDg51RZJ6hADnDUScsIUxz5ILE7O6hwXol9cOKwPi7NGQk6Y4tj7hCsNp8gZTAk4eOMt2W0QcgNSnH+fWAHq54XpsCnWy3q85eLy58wLCbmBKM6/T7hSG2apbHesz3bDrbA39ITcCBTHPp6TTMoQCqG0KV3YMjRWytqVCUWKkFNFZ0TwaTfAhJBecIAJaQwHmJDGcIAJaQwHmJDGcIAJaQwHmJDGcIAJaQwHmJDGcIAJaQwHmJDGxAOcffcy9KFR77A1NiTkEODBw5TLht5K611qF29Tg/5ayovz8dtq7bauQ5WhJ2TvhCdNZXZcswNvGel14VY1xfrM+BgqBPTuPorLLPYSclDwmGVHdNBnZPXbeiXzik9nDejdtW1Bdpdoii5C9gUereyIFt5iaywj+xQe98+84lVYtI68mmIRhtbYFJYRshfwaGVHNPNOYlkhrccaXWy1ViCGCgG93ddJV7xVSMjewTOWHcLMOxZ9ts++/IXxMVQI6MNryLq+6gqwWUL2Dp4xZzTMvGPRZ/vsy18YF19TpmjbtYRoRkK8OUL2Qni0soMXercOa2yYebvOauz+hT+TLhakNKiOPIZowrWTYYqQXdATK2Spjv4s6wUhpA8cYEIawwEmpDEcYEIawwEmpDEcYEIawwEmpDEcYEIawwEmpDEcYEIawwEmpDEc4GPEfv3VfQPWpWwWpTWKeFugO9iUhlhDjge+mGMEpyhcW4qWIsThzK6VXZdcX/hWjhGcFjty88wZmReyKZVFOKi4IRpy3eErOUZwVIq5EjIvcIBPFb6SYwRHxc6Vw9ag1FQYjiwUNOS6w1dyjOCoFHMVkk2sC62XdZjKDLnu8JUcIzgqxVyFZBPrQg5wd/hKjpFs3tzaUrQUIfrsWtl1yfWFb+UYkUFSipTNhlJTYYg+NLghORL4YghpDAeYkMZwgAlpDAeYkMZwgAlpDAeYkMZwgAlpDAeYkMZwgAlpDAeYkMZwgAlpjB9g/OIrhos1TmqLMi88CNkVndeUXauxKUvoXZerscbk4+tarDdVwc4hWBO2qNRtXWNW4LzWiwnrV4m3vQJKZ8Je7EI53rhOil0Ks6FUj6lQqg9TE95iqQ2LNXapya59UPB+Qq+EH8EtHKG3MlzjVdCEYbibWyPh/oXBVLZwhNuOhyFYY02xxmsVxeE6lLhtHeKG9W5b1Z9JH2+Kwjbst6nibrDxCsD7Cb0i3mYHWzIZZtcDl1i8c9wZjRC2rDZo6AymsoVDvLvQRXopDMGa4jZsCq812DjPVAZTlrCsaBmsD4yPNxXhLkHzPFWHSOb3gtt88GYGP7gQ+q26wuLFO8ed0Qhhi6xdKqwMfX0tvNBgGII1xW3Un2i80VIYTFnCsqJlsD4wPoaNcKG4VBE6bNmBCK+IXlP1whF67JKFw/qweLbpUnFmhLBF1i5lQ8t5U1pgfbbIQofNZjWrZHNrZFGHlpEUGpuSG3PGLdzaMVgfGB9Df7i1M3YRSllcJe6iizez1QcXQj/eNXKH4Rp3RoMS21cbUMoi8+G11tGtZluFYQjWFLeBqdUGlLJQRlJoxlOZV8brA+NjUyHrke3sIpSyuErGH4qw1QcXQj/etXlUM1yBC3GhoBHpUG8LUMoi865AsV7W2VZhGII1xW1garUBpSyUkRSaOuVwBQ5fndcHxsfzCrudhItrlGF2nfu9gB8k9ArWb9uCMlzj4hI+W1tG9lGyLPqwfQ1+tcGZIgzBGmtG1qEcWYey/ggaZj5bb1tv8Qr3Cg1KGzqpLYorOAThFdFrShe2zK4t6i8aznHStYjR/3VkqdDjzpbQh/sIKnVbYbHAei3WMmdc6LBZralN2ItdKLNGC3pT61Oazcrsepd6R2wJIS3gABPSGA4wIY3hABPSGA4wIY3hABPSGA4wIY3hABPSGA4wIY3hABPSGA4wIY3xA2y/oum+fhl+P9PVO7SeNKJ+iShD40KsKbyiBa4s8zaLRilSNhtKlxr0Fq0ZKfMW8BXag/02FfowJO2oX2h4MNBcem3Jts28hmiycNtLX2JtKbZ14KcI8RXaI4vwnup96yw5fopDFp6BSxwV9GhQZtsuXho3D8ssu3s0mUQWb0/xadcZPoV6U5eti8kRUrzB8Axc4qigR4My23bx0rh5WGbZ3aPJJLJ4e4pPYycuZK2o1FQRkuPHvtzsbVqPEhcO9GhEWha9pNzCrZ2Z73QNWxNKXVvQoxHCbR2aKmoEnw47ZZ3t5XxWRrqQvdAR745KdhjQo0EZbputbYibF6mQxXr0aJCwJvsUIT4X3qiss422uh45frIXugJcga7DlAU9GpTZttY7XIFSpEIW69GjQcKai7s/x1cYfE6rXZvdCFPjITl+sjc47q3Zdm3Bnffr3doy2DKytmTbFr1hjeJVVr3a4EInNVWE5PixL1dfX/geRbqU7bIGd8i8ogWuDFtcgfXyvxZXkGVD6VKD3qI1tkzXYa/IOOUFIaQPHGBCGsMBJqQxHGBCGsMBJqQxHGBCGsMBJqQxHGBCGsMBJqQxHGBCGsMBJqQxHGBCGsMBJqQxHGBCGsMBJqQxHGBCGjM6wPa3IHPNNddXs15kqIgQcpxwgAlpDAeYkMZwgAlpDAeYkMZwgAlpDAeYkMZwgAlpDAeYkMZwgAlpDAeYkMZwgAlpDAeYkMZwgAlpjB9g/a1M2W9ocn5efkZW7Jg3BWVFSjDdQVko1YdZlFhjpd1KsP6i4bxlVnqOrXGG7I550v6NhF5StsBlbQqzarKaffmzrI+h2YZiUIr3Ki8W6mvZMNukaJEQG7HGhVsZ3F8Iu4rQGcySy+Geqn1xdq01aDBrJWbFZNe1qVDKOqux4Zn0MVZEl6nLnMGUgL5oQYNy8VbDTZSsBa8SVlrEF5euw9CQ3cle3PibQlP0KiPXtYx7iLEiur+6zBlMCeiLFjQoF2813EQpWlwqrLS4MrdeDK3BFLk02VMdf1Noil5l5LqWcQ8xVkT3V5c5gykBfdGCRqTFpdwC166raHEpGzpsWbgYCa3BFLkc9km6l+VSusYQTdGLsuit5TrxXmGR/Zyhv0SYyexaocnkGvzItostqw0oZeGwXtbZ/mEYGrIL+Dzlhbq3E5bVpuhFWYehEVLvY6iz9+cIyzR02KzWZKZILcp1fnVdKDblCAtQysJhvaxdZR2GhlyaxYdZvNBFs5feMFQyP+ETxY5FatswlEUYtq+HfbGVhoPeyTC7Br/a4IwNncnW5BKEDzB7wliMxsqiN2xcJ70YKpkXfG41x3pTFchsXcjZlSBrC3zinDC1KHVblUVLkZKFwxXYMmdsqHKwkgyij1TBlDW6ltCSpdRkBUKYCqVNeQuHwceE3LDgeIyzS+8uXJ+rEkL2AgeYkMZwgAlpDAeYkMZwgAlpDAeYkMZwgAlpDAeYkMZwgAlpDAeYkMb4Aa6/eKkFLnRkxY5506zMpVxWCpxR6TvnXyvFehu6GturUnE7W6y/aMjvcAUPzRqyC+YZ+3cReknZApe1KcyqyWr25c+yPoZmG4pBKd6rvFgorlV0CWGByDC1jm4mu6Ku7QJ7scwRdhWhM5gl21I88OL1hWWWxV63Q7hhKGWd1djwTPoYK6LL1GXOYEpAv9hicTWLveIHP45gC/Byg+3hFUfC0JBdyF7Z+DtCU/QqI9e1jHuIsSK6v7rMGUwJ6BdbLNmzyHrFD34cwRXUIVJccSS0BlPkEmTPc/wdoSl6lZHrWsY9xFgR3V9d5gymBPS2xTEvPKsJQ98Jt1EsHK6gCB22LFyMhNZgiozj3osYk5+FRSo0RS/KoreW68R7hUVq6mtvFWYyu1ZGWJ/1Yk3YbsGC1QaUsnAUV7QyC0NDdiF7ZZkfMUUvyjoMjZB6H0OdvT9HWKahw2a1JjOYCgnrs16sCdstWGA/Cy4cxRWtzMLQkF3IXlnmR8xeesNQyfyETxQ7Fqltw1AW1ypYbXDGhgqWZVfUNS4sdXYN3l1RjA2dydZknOKBh68PnzMaK4vesHGd9GKoZF7wudUc601VILN1IWdXgg9TZC2YnfddZHVhy9BYmfU6qY2KK7BlzthQ5WAlGUGfJz5S54uCIqUmKxDCVChtyls4Bj4m5IYFx2OcXXp34fpclRCyFzjAhDSGA0xIYzjAhDSGA0xIYzjAhDSGA0xIY9oM8PX672yEHDM9poLTS0gIB4OQxswGOPxBZyV+GzNsWZ9XYrHFpsICQfxi1u3jFg7bTkhIdkjUY3Zbb8lqMn+WnQVhhZG4y0hLuMbQUlfWoTWYcjIsIETBE4JGyQ5e5i1ZTebPpI+TZrsO5YgpNnfUlXVoTZEqDCEKHg80QnYsM1/I8V6I84Zw02DH3BSbO+rKOrSmSKHBFCF4KlZzrDdV6blyYSjHeyHOG8JNgx1zs5ozr5rhsluF1hQpNJgipD4V9iRnxzLzhRzv9fE1FTVnGwU75qbY0JFdbiS0pkgVhhBl8Xhkh23RF3K818fXVNS8ArBm0bgUVip1ZR1aU6QKQ4iyeDyyw7boCzne62NhtcGZMMQdnczWGFrqSgzdVfZye4Sso1ORHTabcl2hH6kp/Jn0YkN2WxaRUqnYrDMibRgaoW7ELr2cMO7ViLQhucG5ODfRUdndj9QU/izrBSGkDxxgQhrDASakMRxgQhrDASakMRxgQhrDASakMRxgQhrDASakMRxgQhrDASakMf5blzZEiV/IDFvW55VYbLEppa4Jpfowm3lCarKTox6z23pLVpP5s+wsCCu2H2DXEq4xDCWG2IU1i2tCBsFjg0bRVHYm997rVdZs16EcMcXmmQyvFUoEU2gIqcEzg0bIjm7mCzneC3HeEG4a7JibYvNMhtcKJYKpcAdCCvCorOZYb6rSw+bCUI73Qpw3hJsGO+ZmNWdedUZRo6H1bm27XLs1mCIkpD4qxXlb9IUc7/XxNRU1ZxsFO+am2FAZ9OGezhQpQgZZPDPZeVv0hRzv9fE1FTWvAKxZNC6FlZlcX+oGihQhgyyemey8LfpCjvf6WLg2H2VndgGU2RrDQq7BD247siakAI+KO0jhucrOZFjswkF/Jr3YkN2WRaRUKjbrjEgbDpoRqZfDytBjGSGOiyMVnZ/d/UhN4c+yXhBC+sABJqQxHGBCGsMBJqQxHGBCGsMBJqQxHGBCGsMBJqQxHGAyRPgtAnLd4Vshy3B6jxa+GEIawwHeJ/iTSg1+l9WmrEeDvRbJKi7lQiyTtU0prtG1OETadsFmyd7hY90neEztCXbZ4nBjJdYoWLy4tmHmnSy2sjJMrXNPdoSPdZ/gMXVzEo5B0WXXWCagxxasUVwKK8NNsi5sFzJPdoSPdZ/gMXUnO5yBosuusUxAjy1Yo7gUVoabZF3YLmSe7Agf6z7BY4onO1wgkgrrHeixxW1oL+HaR3Zzaxvq5oorIPuFj3Wf4DENT7Csw5QzLoWVocT2kZptw3AHvJCQebIjfKz7BI9pccrDlDMrYF54VpMZXChZCkOHTbmFW1syT3aEj3Wf4DENT7mEWcoa7LJhKLNxysoyPxiisaGSebIjfKz7RA60IkZTWBmm1KAP5fnVznApF2IZ1oTrULqt1FhCb1vILvBREtIYDjAhjeEAE9IYDjAhjeEAE9IYDjAhjeEAE9IYDjAhjeEAE9IYDjAhjeEAE9KYExng7Hu2obeySKncl0eDKZfNvE2F8io9GkzZrJXWu9Sit9J6lw2l8305hY9hX4Z9N/jybKjY+rA322dbH4bOZPfgwsV11hsWuzDzdu1qRkzRK7gLZfWZt4T3bNdFby9O5GNYsncT+vDthqGy6Ot9snZlcZ9sh8H6Re8YrM/alWyfjKw+88qgz8p6cQqfwZG9mNBbOfiCF329T9auLO4ji9U5WODCbb1jsD5rV+w+lnnVBbY+8+E+ss58FjblFD6DBd8KvkibcqEabMn2Cb1K5yXljGVkHxu6tdbYMPOyVkzJLGWNyS+ECu5jyVK4+fg+xVoWYdiUU/gMSv1KMBsafeWYFRZ9fVCy9jWksvDQ3jFYn7UrWQH6emesFxbvM/OtOYXPICy+j23fX1aw6OsLLbZnZnH/fXnHYH3WrmQFi/ssFgiL95n51pzCZ1gnL6N+YdhiTba24bY+DMdleEurDaFXmfmRGhdmNSMm7L1299H+ll32KbzK1pzCx5CXZAlTpiN9f2Gx9S61lbey8FlK5bF5K613qUVvZZFSuUfflxP5GITcmHCACWkMB5iQxnCACWkMB5iQxnCACWkMB5iQxnCACWkMB5iQxnCACWkMB5iQxpz4AGfffc28TYVyF2+lTXmbtKi8hLdZNAfyaJzH7KH96XHqH88MyVberrOazNt1cYCyVNZrfViT1VuT1RzIDxol22df/vQ45Y83+FIzn5GVZfuE9aFcz322z7behofYP/NhGBoha9yXP0lO+rMlL7L2q3NsjSVLLe6/KNdzn+2zrbfrULpwXz4MxVisN1XL+2/rT5KT/mzJiyx8uLbGydBjow1DI6DXzd3+GoYpJ8W7hVvbcF8+DB32VrPGffmT5KQ/W/Iit/WORb+4DxqhbrTh6hzrs3rXGK5tuC8fhsjiPvvyJ8lJf7bkRW7rHYu+3mexPTNYICxedwW4Ahfuy4chsrjPvvxJcsqfbT3wUgs/UhN6u8bTg0ZAn+0fXsitMQxluOce/aJZbcDU4P7b+tPj1D+e4Ui8DZXCZ/ugtB5TgvNZ/V68lda71FX60+PEPx4hpw0HmJDGcIAJaQwHmJDGcIAJaQwHmJDGcIAJaQwHmJDGcIAJaQwHmJDGcIAJaQwHmJDGcIAJaQwHmJDGcIAJaQwHmJDGcIAJaQwHmJDGcIAJaQwHmJDGcIAJaQwHmJDGcIAJaQwHmJDGcIAJaQwHmJDGcIAJaQwHmJDGtBngk/9bqgi5BD2mgtNLSAgHg5DGHMUAhz9grcS/6BVb1Jz/vbBnzKtmBT4xJysLPZahDBstWuDKnLcpm7XGpVyByzqvmFZf5lIuG9aEWSfVh1mUWGOl3Uqw/qLhvGVWeo6tceYYOIq7CR8KPjuTDFrU1JVuW5OZkZUVa7xQUaxrC+4Qeku4LS4wzNaWwfaMol1C3ARrXLiVwf2FsKsIncHsdeRYbqV4guH7wIcYljlTpBblOvJ2Z/wIO163aBcW/fiGaEJZ7IBkV7frUIZkLXiVsNIivrh0HYbmenE095E/svB94BMMy5wpUotyHXm3cx1a0KAs2oVFP74hmlAWOyDZ1e06lCFFi0uFlRZX5taLYWiuF0dzH/kjC98HPsGwzJkitSjXkXc716EFjUhL5jWlC4ctwC5bUJhQqplvfI15YVDjUm6Ba9dVtLiUDR22LFyMhKG5XhzLfayTp5k9SnyCO6YW5TryuPNqA0pZKGiczNaWRe8KMh+aUBY7IFnNJe5qsWW1AaUsHNbLOts/DENzvTiW+1gnz11ejAVrnLlcalGuI487hzdZNBayaBcW/fiGaEJZ7IBkNStA/bxwdjlHWIBSFg7rZe0q6zA014tjuQ/BvgY1YYhPMEsVIW6iZGUj61Bma0t2q1n9OtkWFxhma8tge0ZWM77t4gcJL1Fn1+BXG5yxoTOYvY4c0a2s4VGGT0qkVCrqw5SjSFmystBjGcqw0YIpMdqouBondX3RMC9wWecV0+rLXMpltcarAYl7Fi1FShYOV2DLnLGhSqy87hzX3RBCtoIDTEhjOMCENIYDTEhjOMCENIYDTEhjOMCENIYDTEhjOMCENIYDTEhjOMCENIYDTEhjOMCENIYDTEhjOMCENIYDTEhjRgfY/m5mrrnm+mrWiwwVEUKOEw4wIY3hABPSGA4wIY3hABPSGA4wIY3hABPSGA4wIY3hABPSGA4wIY3hABPSGA4wuTz267s+R64EPndyeeyX732OXAl87oQ0hgN8WPCnE/6wsj/HHKHXLl0P7uOKNYXeSfWYCqX6MEX2CJ/vYcFDjGe6LsB6YXHnIszWEuIV91hP9gsf7gHRs1sfaByJIlTEFztnYbbhOqnZvR4N2Rd8sgfkcue7DhXxxc5ZmG24Tmp2r0dD9gWf7AG53PnG0OHKcFGHzlvCmt3r0ZB9wSd7KMbnJ6sMQwVnpm4sbkA4XD0asi/4ZA/FClA/L/SmDhXrZV03FjcgnN/mBernhWf46rweDdkXfLKHwp1ae75tyoViilDBMjRZGK4PXU8OAR/uQQhPrT36lnmV73XFmtWFLXOmDovdUO5YTw4Eny8ZhdN4hPCVkFH4E/UI4fsgpDEcYEIawwEmpDEcYEIawwEmpDEcYEIawwEmpDEcYEIawwEmpDFXN8D65Vj7bR4rrcdsKAufpUJpvU2hcd6mrFQfSkxl3qbQYMpm0VjvpHqXCqX1LnVpb6X1riCULmWl9VnKyUXvUioLfziu6jLwOWsv67Bs8NHY3q32CWu2KtYQjV3bzbMLFfsrWU22ZyHXsEO9yRp8WF/ss+itqWtGtsJtkazG7h9ey62zffbLVVwDCT+/My6V+ZDssdow3CeU68SHUqivImQ1mQ8pPqkS+lAiW93MOi/L9sm8M2HZJbbClCMrGLmuI/P75SqugRQPNEtZb7E1ivXFPtYXcp34UAr1VYSsxvnNp7yGrVGsz+rD3lAiWqbbus0dWcruM+KdCcsusRWmHFnByHUdmd8vV3ENZXWONSY/M7bSdSmhdybbR9aKSlk4tipezz/FPHOG9W7PxbXiTFYvayWU6i2hXEc3U2yyhn202HrsDbM7bmXrizKH87Y33Ee8V4fhii7jsJ9/nvGvTR8QVgroQ4P7YFkm14kP5Ro8loVm8Q7DrpEQGzNpqQuyLPrsrlxYNA62ZN4aTFmyLPrVOVnWmcNxdVeyFA8UjTDoszKluHQm14kP5dq8XcVlbYhoQd2I+2QFWJlJpc6u84LsHjJT3KRNOVyBC523BlNKlsq8kt3G1XBFF8s+ZObH18UOaLK1JazZpTissRQFds8sFUpbX1ciYcrdZLa5KzOZWF5in8WWzLu1I0uhLzbE4kNzdddbGUJpvctm3qWwUtiqeB3VjxeHlSK1UrEFzjjvUlgphPVhsa0Uau9SKjNvZZEKpfO6Rpm1hF5SNlQu4cPNHTZ7IK7iGoSQA8EBJqQxHGBCGsMBJqQxHGBCGsMBJqQxHGBCGsMBJqQxHGBCGsMBJqQxHGBCGnPwAc6+F2q+MTrLOp+lQjniXTaUzttUKK230nrMojSFPuWyW3kri1QoXcpmQ2m9lS6lWWusL1IuVEzhrACNJUyZjthbWaRUHo6ruMZ686kWjTDoNRz0FpsK693TD9e2JizAsEhh6GS2T3YbNgx3XoMfKQvXl9hHQqwM97emKFisF2NDi6ayll16D8fBLyDgJ0EjDPrFRza4T8a2+xT1aIRsh8xggbDoFwvCEGVYsAYflmU1I/sLkq3rw2woHSO3h2EhhSK1Lw5+AQE/yWqO9abqAuc1LLzFFaB3aCqrd72u3oJGyHbIDBYIi36xIAxRhgVr8GFZVjOy/3q4PsyG0jFyexgWUihS++LgFxDqT7LaYNcWV1ZI6y02la0tVmb1xVoWijNSvFiGBgtCifurqVMqbbYILVvtY41NYZkyWB9mnXRgjQ0zXxiRdvODchXXWCef05I9MiV7lJl3jNfXBTbcvKNrWL+4oVLsHJrFAkdxS8K2+2OBsFhWF2x1n9namV0uYcPMF8ZSZ/fCwS8gLH6S7JEp2aPMvGOwHtsXC4Rs/9AIizvXBVjvKG5JqDfELjRC3YhdK0D9vPAMX53X25TDFTicz+rrEFks2J2DX0DAT2LNIR5xtr9NZd4R1meNbpPBFIZOblXswrB4Db4OUWb71yGacE+3DuXgPjYM9xSymsyPGCzYO4e/wJwsFcoiFUrrXWrRW1mkVFofSky5bCitd6lQFqlQFimV4m1oyeozb8PQOBnuo4SVrj7sFelaRGoBytrbUMnqD8RVXIMQciA4wIQ0hgNMSGM4wIQ0hgNMSGM4wIQ0hgNMSGM4wIQ0hgNMSGM4wIQ0hgNMSGM4wIQ0hgNMSGM4wIQ0hgNMSGM4wIQ0ZnSA7e9R5pprrq9mvchQESHkOOEAE9IYDjAhjeEAE9IYDjAhjeEAE9IYDjAhjeEAE9IYDjAhjeEAE9IYDjAhjeEAE9IYDjAhjeEAE9IYDjAhjeEAE9IYDjAhjeEAE9IYDjAhjeEAE9IYDjAhjeEAE9IYDjAhjeEAE9IYDjAhjeEAE9IYDjAhjeEAE9IYDjAhjeEAE9IYDjAhjeEAE9IYDjAhjfn/nGIvxF5zwV0AAAAASUVORK5CYII\u003d"
}