{
  "amountReceived": 80.71,
  "amountToReceive": 0,
  "titlesReceived": 1,
  "titlesToReceive": 0
}